================================================================================
STARTING E2E COGNITIVE MEMORY AUDITING SYSTEM VERIFICATION
================================================================================

--- Step 1: Registering Operator Client Token ---
🟢 Operator Client Token Registered.

--- Step 2: Seeding a Completed & 'Good' Task Chain ---
🟢 Project 'project_test_1782153096' ready.
🟢 Task Chain 'chain_test_1782153096' created.
🟢 Task 'task-19ef09a2d5f' created.
🟢 Task marked approved.
🟢 Task Chain marked completed.
🟢 Task Chain successfully evaluated as 'good'!

--- Step 3: Triggering Memory Audit (Last 24 Hours) ---
🟢 Memory Audit triggered successfully!
   Audit ID: audit_1782153096630
   Audit Task ID: task-19ef09a2dc2
   Audit Chain ID: chain-audit-audit_1782153096630
   Target Chains Harvested: 18 (Expected: >= 1)

--- Step 4: Verifying Audit Task in 'heimdall-system' Project ---
Tasks in response: ['task-19ef09a2dc2']
🟢 Audit Task 'task-19ef09a2dc2' found in database!
   Assignee: 'memory-auditor@default' (Expected: 'memory-auditor@default')
   Status: 'ready' (Expected: 'ready')
🟢 Audit Chain 'chain-audit-audit_1782153096630' found in database!
   Project ID: 'heimdall-system' (Expected: 'heimdall-system')
🟢 Reviewer participant found on audit task!
   Reviewer ID: 'memory-reviewer@heimdall' (Expected: 'memory-reviewer@heimdall')

--- Step 5: Simulating Auditor Transitioning Task to 'review_ready' ---
🟢 Task transitioned to 'review_ready' successfully (Reviewer Spawning Hook executed!).

--- Step 6: Simulating Reviewer Approving Task to 'approved' ---
🟢 Task marked 'approved' successfully (Audit Conclusion Hook executed!).

--- Step 7: Verifying Duplicate Audit Prevention (409 Conflict) ---
🟢 Second audit started successfully (ID: audit_1782153096783)
HTTP Error 409: %!(MISSING CLOSE BRACE)ok":false,"message":"Another memory audit run is currently active (ID: audit_1782153096783). Please wait for it to complete or time out."}
🟢 Overlapping audit was correctly rejected!
   Status Code: 409 (Conflict)
   Response Message: '%!(MISSING CLOSE BRACE)ok":false,"message":"Another memory audit run is currently active (ID: audit_1782153096783). Please wait for it to complete or time out."}'

================================================================================
ALL AGENT-DRIVEN COGNITIVE AUDIT E2E TESTS PASSED SUCCESSFULLY! 🟢
================================================================================
